Archive member included because of file (symbol)

/usr/arm-none-eabi/lib/armv6-m/libc.a(lib_a-exit.o)
                              /usr/bin/../lib/gcc/arm-none-eabi/4.8.3/../../../../arm-none-eabi/lib/armv6-m/crt0.o (exit)
/usr/arm-none-eabi/lib/armv6-m/libc.a(lib_a-impure.o)
                              /usr/arm-none-eabi/lib/armv6-m/libc.a(lib_a-exit.o) (_global_impure_ptr)
/usr/arm-none-eabi/lib/armv6-m/libc.a(lib_a-init.o)
                              /usr/bin/../lib/gcc/arm-none-eabi/4.8.3/../../../../arm-none-eabi/lib/armv6-m/crt0.o (__libc_init_array)
/usr/arm-none-eabi/lib/armv6-m/libc.a(lib_a-memcpy-stub.o)
                              radio.o (memcpy)
/usr/arm-none-eabi/lib/armv6-m/libc.a(lib_a-memset.o)
                              /usr/bin/../lib/gcc/arm-none-eabi/4.8.3/../../../../arm-none-eabi/lib/armv6-m/crt0.o (memset)
/usr/arm-none-eabi/lib/armv6-m/libc.a(lib_a-sprintf.o)
                              radio.o (sprintf)
/usr/arm-none-eabi/lib/armv6-m/libc.a(lib_a-strlen.o)
                              radio.o (strlen)
/usr/arm-none-eabi/lib/armv6-m/libc.a(lib_a-svfprintf.o)
                              /usr/arm-none-eabi/lib/armv6-m/libc.a(lib_a-sprintf.o) (_svfprintf_r)
/usr/arm-none-eabi/lib/armv6-m/libc.a(lib_a-__call_atexit.o)
                              /usr/arm-none-eabi/lib/armv6-m/libc.a(lib_a-exit.o) (__call_exitprocs)
/usr/arm-none-eabi/lib/armv6-m/libc.a(lib_a-atexit.o)
                              /usr/arm-none-eabi/lib/armv6-m/libc.a(lib_a-__call_atexit.o) (atexit)
/usr/arm-none-eabi/lib/armv6-m/libc.a(lib_a-dtoa.o)
                              /usr/arm-none-eabi/lib/armv6-m/libc.a(lib_a-svfprintf.o) (_dtoa_r)
/usr/arm-none-eabi/lib/armv6-m/libc.a(lib_a-fini.o)
                              /usr/arm-none-eabi/lib/armv6-m/libc.a(lib_a-__call_atexit.o) (__libc_fini_array)
/usr/arm-none-eabi/lib/armv6-m/libc.a(lib_a-locale.o)
                              /usr/arm-none-eabi/lib/armv6-m/libc.a(lib_a-svfprintf.o) (_localeconv_r)
/usr/arm-none-eabi/lib/armv6-m/libc.a(lib_a-mallocr.o)
                              /usr/arm-none-eabi/lib/armv6-m/libc.a(lib_a-svfprintf.o) (_malloc_r)
/usr/arm-none-eabi/lib/armv6-m/libc.a(lib_a-memchr-stub.o)
                              /usr/arm-none-eabi/lib/armv6-m/libc.a(lib_a-svfprintf.o) (memchr)
/usr/arm-none-eabi/lib/armv6-m/libc.a(lib_a-mlock.o)
                              /usr/arm-none-eabi/lib/armv6-m/libc.a(lib_a-mallocr.o) (__malloc_lock)
/usr/arm-none-eabi/lib/armv6-m/libc.a(lib_a-mprec.o)
                              /usr/arm-none-eabi/lib/armv6-m/libc.a(lib_a-dtoa.o) (_Balloc)
/usr/arm-none-eabi/lib/armv6-m/libc.a(lib_a-s_fpclassify.o)
                              /usr/arm-none-eabi/lib/armv6-m/libc.a(lib_a-svfprintf.o) (__fpclassifyd)
/usr/arm-none-eabi/lib/armv6-m/libc.a(lib_a-sbrkr.o)
                              /usr/arm-none-eabi/lib/armv6-m/libc.a(lib_a-mallocr.o) (_sbrk_r)
/usr/arm-none-eabi/lib/armv6-m/libc.a(lib_a-strcmp.o)
                              /usr/arm-none-eabi/lib/armv6-m/libc.a(lib_a-locale.o) (strcmp)
/usr/arm-none-eabi/lib/armv6-m/libc.a(lib_a-svfiprintf.o)
                              /usr/arm-none-eabi/lib/armv6-m/libc.a(lib_a-svfprintf.o) (__ssprint_r)
/usr/arm-none-eabi/lib/armv6-m/libc.a(lib_a-__atexit.o)
                              /usr/arm-none-eabi/lib/armv6-m/libc.a(lib_a-atexit.o) (__register_exitproc)
/usr/arm-none-eabi/lib/armv6-m/libc.a(lib_a-callocr.o)
                              /usr/arm-none-eabi/lib/armv6-m/libc.a(lib_a-mprec.o) (_calloc_r)
/usr/arm-none-eabi/lib/armv6-m/libc.a(lib_a-freer.o)
                              /usr/arm-none-eabi/lib/armv6-m/libc.a(lib_a-mallocr.o) (_free_r)
/usr/arm-none-eabi/lib/armv6-m/libc.a(lib_a-memmove.o)
                              /usr/arm-none-eabi/lib/armv6-m/libc.a(lib_a-svfiprintf.o) (memmove)
/usr/arm-none-eabi/lib/armv6-m/libc.a(lib_a-reallocr.o)
                              /usr/arm-none-eabi/lib/armv6-m/libc.a(lib_a-svfiprintf.o) (_realloc_r)
/usr/arm-none-eabi/lib/armv6-m/libc.a(lib_a-reent.o)
                              /usr/arm-none-eabi/lib/armv6-m/libc.a(lib_a-sbrkr.o) (errno)
/usr/bin/../lib/gcc/arm-none-eabi/4.8.3/armv6-m/libgcc.a(_udivsi3.o)
                              /usr/arm-none-eabi/lib/armv6-m/libc.a(lib_a-dtoa.o) (__aeabi_uidiv)
/usr/bin/../lib/gcc/arm-none-eabi/4.8.3/armv6-m/libgcc.a(_divsi3.o)
                              /usr/arm-none-eabi/lib/armv6-m/libc.a(lib_a-svfprintf.o) (__aeabi_idiv)
/usr/bin/../lib/gcc/arm-none-eabi/4.8.3/armv6-m/libgcc.a(_dvmd_tls.o)
                              /usr/bin/../lib/gcc/arm-none-eabi/4.8.3/armv6-m/libgcc.a(_udivsi3.o) (__aeabi_idiv0)
/usr/bin/../lib/gcc/arm-none-eabi/4.8.3/armv6-m/libgcc.a(_arm_cmpdf2.o)
                              /usr/arm-none-eabi/lib/armv6-m/libc.a(lib_a-svfprintf.o) (__aeabi_dcmpeq)
/usr/bin/../lib/gcc/arm-none-eabi/4.8.3/armv6-m/libgcc.a(_aeabi_uldivmod.o)
                              /usr/arm-none-eabi/lib/armv6-m/libc.a(lib_a-svfprintf.o) (__aeabi_uldivmod)
/usr/bin/../lib/gcc/arm-none-eabi/4.8.3/armv6-m/libgcc.a(bpabi.o)
                              /usr/bin/../lib/gcc/arm-none-eabi/4.8.3/armv6-m/libgcc.a(_aeabi_uldivmod.o) (__gnu_uldivmod_helper)
/usr/bin/../lib/gcc/arm-none-eabi/4.8.3/armv6-m/libgcc.a(adddf3.o)
                              /usr/arm-none-eabi/lib/armv6-m/libc.a(lib_a-dtoa.o) (__aeabi_dadd)
/usr/bin/../lib/gcc/arm-none-eabi/4.8.3/armv6-m/libgcc.a(divdf3.o)
                              /usr/arm-none-eabi/lib/armv6-m/libc.a(lib_a-dtoa.o) (__aeabi_ddiv)
/usr/bin/../lib/gcc/arm-none-eabi/4.8.3/armv6-m/libgcc.a(eqdf2.o)
                              /usr/bin/../lib/gcc/arm-none-eabi/4.8.3/armv6-m/libgcc.a(_arm_cmpdf2.o) (__eqdf2)
/usr/bin/../lib/gcc/arm-none-eabi/4.8.3/armv6-m/libgcc.a(gedf2.o)
                              /usr/bin/../lib/gcc/arm-none-eabi/4.8.3/armv6-m/libgcc.a(_arm_cmpdf2.o) (__gedf2)
/usr/bin/../lib/gcc/arm-none-eabi/4.8.3/armv6-m/libgcc.a(ledf2.o)
                              /usr/bin/../lib/gcc/arm-none-eabi/4.8.3/armv6-m/libgcc.a(_arm_cmpdf2.o) (__ledf2)
/usr/bin/../lib/gcc/arm-none-eabi/4.8.3/armv6-m/libgcc.a(muldf3.o)
                              /usr/arm-none-eabi/lib/armv6-m/libc.a(lib_a-dtoa.o) (__aeabi_dmul)
/usr/bin/../lib/gcc/arm-none-eabi/4.8.3/armv6-m/libgcc.a(subdf3.o)
                              /usr/arm-none-eabi/lib/armv6-m/libc.a(lib_a-dtoa.o) (__aeabi_dsub)
/usr/bin/../lib/gcc/arm-none-eabi/4.8.3/armv6-m/libgcc.a(fixdfsi.o)
                              /usr/arm-none-eabi/lib/armv6-m/libc.a(lib_a-dtoa.o) (__aeabi_d2iz)
/usr/bin/../lib/gcc/arm-none-eabi/4.8.3/armv6-m/libgcc.a(floatsidf.o)
                              /usr/arm-none-eabi/lib/armv6-m/libc.a(lib_a-dtoa.o) (__aeabi_i2d)
/usr/bin/../lib/gcc/arm-none-eabi/4.8.3/armv6-m/libgcc.a(floatunsidf.o)
                              /usr/arm-none-eabi/lib/armv6-m/libc.a(lib_a-dtoa.o) (__aeabi_ui2d)
/usr/bin/../lib/gcc/arm-none-eabi/4.8.3/armv6-m/libgcc.a(_clzsi2.o)
                              /usr/bin/../lib/gcc/arm-none-eabi/4.8.3/armv6-m/libgcc.a(adddf3.o) (__clzsi2)
/usr/bin/../lib/gcc/arm-none-eabi/4.8.3/armv6-m/libgcc.a(_muldi3.o)
                              /usr/bin/../lib/gcc/arm-none-eabi/4.8.3/armv6-m/libgcc.a(bpabi.o) (__aeabi_lmul)
/usr/bin/../lib/gcc/arm-none-eabi/4.8.3/armv6-m/libgcc.a(_divdi3.o)
                              /usr/bin/../lib/gcc/arm-none-eabi/4.8.3/armv6-m/libgcc.a(bpabi.o) (__divdi3)
/usr/bin/../lib/gcc/arm-none-eabi/4.8.3/armv6-m/libgcc.a(_udivdi3.o)
                              /usr/bin/../lib/gcc/arm-none-eabi/4.8.3/armv6-m/libgcc.a(bpabi.o) (__udivdi3)
/usr/arm-none-eabi/lib/armv6-m/libnosys.a(sbrk.o)
                              /usr/arm-none-eabi/lib/armv6-m/libc.a(lib_a-sbrkr.o) (_sbrk)
/usr/arm-none-eabi/lib/armv6-m/libnosys.a(_exit.o)
                              /usr/arm-none-eabi/lib/armv6-m/libc.a(lib_a-exit.o) (_exit)

Allocating common symbols
Common symbol       size              file

errno               0x4               /usr/arm-none-eabi/lib/armv6-m/libc.a(lib_a-reent.o)
sniffer_rx          0xff              radio.o

Memory Configuration

Name             Origin             Length             Attributes
FLASH            0x0000000000000000 0x0000000000040000 xr
RAM              0x0000000020000000 0x0000000000004000 xrw
*default*        0x0000000000000000 0xffffffffffffffff

Linker script and memory map

LOAD /usr/bin/../lib/gcc/arm-none-eabi/4.8.3/armv6-m/crti.o
LOAD /usr/bin/../lib/gcc/arm-none-eabi/4.8.3/armv6-m/crtbegin.o
LOAD /usr/bin/../lib/gcc/arm-none-eabi/4.8.3/../../../../arm-none-eabi/lib/armv6-m/crt0.o
LOAD system_nrf51.o
LOAD nrf_delay.o
LOAD startup_nrf51.o
LOAD gpio.o
LOAD radio.o
LOAD serial.o
LOAD main.o
START GROUP
LOAD /usr/bin/../lib/gcc/arm-none-eabi/4.8.3/armv6-m/libgcc.a
LOAD /usr/arm-none-eabi/lib/armv6-m/libc.a
END GROUP
LOAD /usr/bin/../lib/gcc/arm-none-eabi/4.8.3/armv6-m/crtend.o
LOAD /usr/bin/../lib/gcc/arm-none-eabi/4.8.3/armv6-m/crtn.o
START GROUP
LOAD /usr/bin/../lib/gcc/arm-none-eabi/4.8.3/armv6-m/libgcc.a
LOAD /usr/arm-none-eabi/lib/armv6-m/libc.a
LOAD /usr/arm-none-eabi/lib/armv6-m/libm.a
LOAD /usr/arm-none-eabi/lib/armv6-m/libnosys.a
END GROUP

.text           0x0000000000000000     0x8368
 *(.isr_vector)
 .isr_vector    0x0000000000000000       0xc0 startup_nrf51.o
                0x0000000000000000                __Vectors
 *(.text*)
 .text          0x00000000000000c0        0x0 /usr/bin/../lib/gcc/arm-none-eabi/4.8.3/armv6-m/crti.o
 .text          0x00000000000000c0       0x60 /usr/bin/../lib/gcc/arm-none-eabi/4.8.3/armv6-m/crtbegin.o
 .text          0x0000000000000120       0x78 /usr/bin/../lib/gcc/arm-none-eabi/4.8.3/../../../../arm-none-eabi/lib/armv6-m/crt0.o
                0x0000000000000120                _mainCRTStartup
                0x0000000000000120                _start
 .text          0x0000000000000198      0x128 system_nrf51.o
                0x0000000000000198                SystemCoreClockUpdate
                0x00000000000001b0                SystemInit
 .text          0x00000000000002c0       0x58 nrf_delay.o
                0x00000000000002f0                nrf_delay_ms
 .text          0x0000000000000318       0x7c startup_nrf51.o
                0x0000000000000318                Reset_Handler
                0x0000000000000358                NMI_Handler
                0x000000000000035a                HardFault_Handler
                0x000000000000035c                SVC_Handler
                0x000000000000035e                PendSV_Handler
                0x0000000000000360                SysTick_Handler
                0x0000000000000362                Default_Handler
                0x0000000000000362                DEF_IRQHandler
                0x0000000000000364                POWER_CLOCK_IRQHandler
                0x000000000000036a                SPI0_TWI0_IRQHandler
                0x000000000000036c                SPI1_TWI1_IRQHandler
                0x0000000000000370                ADC_IRQHandler
                0x0000000000000372                TIMER0_IRQHandler
                0x0000000000000374                TIMER1_IRQHandler
                0x0000000000000376                TIMER2_IRQHandler
                0x0000000000000378                RTC0_IRQHandler
                0x000000000000037a                TEMP_IRQHandler
                0x000000000000037c                RNG_IRQHandler
                0x000000000000037e                ECB_IRQHandler
                0x0000000000000380                CCM_AAR_IRQHandler
                0x0000000000000382                WDT_IRQHandler
                0x0000000000000384                RTC1_IRQHandler
                0x0000000000000386                QDEC_IRQHandler
                0x0000000000000388                SWI0_IRQHandler
                0x000000000000038a                SWI1_IRQHandler
                0x000000000000038c                SWI2_IRQHandler
                0x000000000000038e                SWI3_IRQHandler
                0x0000000000000390                SWI4_IRQHandler
                0x0000000000000392                SWI5_IRQHandler
 .text          0x0000000000000394      0x108 gpio.o
                0x000000000000041c                gpio_init
                0x0000000000000468                GPIOTE_IRQHandler
 .text          0x000000000000049c      0x2dc radio.o
                0x00000000000004f8                handlePacket
                0x0000000000000500                radio_init
                0x00000000000005e8                RADIO_IRQHandler
 .text          0x0000000000000778      0x1d0 serial.o
                0x00000000000007f0                UART0_IRQHandler
                0x0000000000000820                uart_init
                0x00000000000008c0                send_byte
                0x00000000000008fc                send_array
 .text          0x0000000000000948       0xb4 main.o
                0x0000000000000968                clock_init
                0x00000000000009dc                main
 .text          0x00000000000009fc        0x0 /usr/arm-none-eabi/lib/armv6-m/libc.a(lib_a-exit.o)
 .text.exit     0x00000000000009fc       0x20 /usr/arm-none-eabi/lib/armv6-m/libc.a(lib_a-exit.o)
                0x00000000000009fc                exit
 .text          0x0000000000000a1c        0x0 /usr/arm-none-eabi/lib/armv6-m/libc.a(lib_a-impure.o)
 .text          0x0000000000000a1c        0x0 /usr/arm-none-eabi/lib/armv6-m/libc.a(lib_a-init.o)
 .text.__libc_init_array
                0x0000000000000a1c       0x48 /usr/arm-none-eabi/lib/armv6-m/libc.a(lib_a-init.o)
                0x0000000000000a1c                __libc_init_array
 .text          0x0000000000000a64        0x0 /usr/arm-none-eabi/lib/armv6-m/libc.a(lib_a-memcpy-stub.o)
 .text.memcpy   0x0000000000000a64       0x84 /usr/arm-none-eabi/lib/armv6-m/libc.a(lib_a-memcpy-stub.o)
                0x0000000000000a64                memcpy
 .text          0x0000000000000ae8        0x0 /usr/arm-none-eabi/lib/armv6-m/libc.a(lib_a-memset.o)
 .text.memset   0x0000000000000ae8       0x9c /usr/arm-none-eabi/lib/armv6-m/libc.a(lib_a-memset.o)
                0x0000000000000ae8                memset
 .text          0x0000000000000b84        0x0 /usr/arm-none-eabi/lib/armv6-m/libc.a(lib_a-sprintf.o)
 .text._sprintf_r
                0x0000000000000b84       0x40 /usr/arm-none-eabi/lib/armv6-m/libc.a(lib_a-sprintf.o)
                0x0000000000000b84                _sprintf_r
 .text.sprintf  0x0000000000000bc4       0x44 /usr/arm-none-eabi/lib/armv6-m/libc.a(lib_a-sprintf.o)
                0x0000000000000bc4                sprintf
 .text          0x0000000000000c08        0x0 /usr/arm-none-eabi/lib/armv6-m/libc.a(lib_a-strlen.o)
 .text.strlen   0x0000000000000c08       0x10 /usr/arm-none-eabi/lib/armv6-m/libc.a(lib_a-strlen.o)
                0x0000000000000c08                strlen
 .text          0x0000000000000c18        0x0 /usr/arm-none-eabi/lib/armv6-m/libc.a(lib_a-svfprintf.o)
 .text._svfprintf_r
                0x0000000000000c18     0x15c8 /usr/arm-none-eabi/lib/armv6-m/libc.a(lib_a-svfprintf.o)
                0x0000000000000c18                _svfprintf_r
 .text          0x00000000000021e0        0x0 /usr/arm-none-eabi/lib/armv6-m/libc.a(lib_a-__call_atexit.o)
 .text.startup.register_fini
                0x00000000000021e0       0x18 /usr/arm-none-eabi/lib/armv6-m/libc.a(lib_a-__call_atexit.o)
 .text.__call_exitprocs
                0x00000000000021f8      0x118 /usr/arm-none-eabi/lib/armv6-m/libc.a(lib_a-__call_atexit.o)
                0x00000000000021f8                __call_exitprocs
 .text          0x0000000000002310        0x0 /usr/arm-none-eabi/lib/armv6-m/libc.a(lib_a-atexit.o)
 .text.atexit   0x0000000000002310       0x10 /usr/arm-none-eabi/lib/armv6-m/libc.a(lib_a-atexit.o)
                0x0000000000002310                atexit
 .text          0x0000000000002320        0x0 /usr/arm-none-eabi/lib/armv6-m/libc.a(lib_a-dtoa.o)
 .text.quorem   0x0000000000002320      0x150 /usr/arm-none-eabi/lib/armv6-m/libc.a(lib_a-dtoa.o)
 .text._dtoa_r  0x0000000000002470      0xf38 /usr/arm-none-eabi/lib/armv6-m/libc.a(lib_a-dtoa.o)
                0x0000000000002470                _dtoa_r
 .text          0x00000000000033a8        0x0 /usr/arm-none-eabi/lib/armv6-m/libc.a(lib_a-fini.o)
 .text.__libc_fini_array
                0x00000000000033a8       0x30 /usr/arm-none-eabi/lib/armv6-m/libc.a(lib_a-fini.o)
                0x00000000000033a8                __libc_fini_array
 .text          0x00000000000033d8        0x0 /usr/arm-none-eabi/lib/armv6-m/libc.a(lib_a-locale.o)
 .text._setlocale_r
                0x00000000000033d8       0x44 /usr/arm-none-eabi/lib/armv6-m/libc.a(lib_a-locale.o)
                0x00000000000033d8                _setlocale_r
 .text.__locale_charset
                0x000000000000341c        0x8 /usr/arm-none-eabi/lib/armv6-m/libc.a(lib_a-locale.o)
                0x000000000000341c                __locale_charset
 .text.__locale_mb_cur_max
                0x0000000000003424        0xc /usr/arm-none-eabi/lib/armv6-m/libc.a(lib_a-locale.o)
                0x0000000000003424                __locale_mb_cur_max
 .text.__locale_msgcharset
                0x0000000000003430        0x8 /usr/arm-none-eabi/lib/armv6-m/libc.a(lib_a-locale.o)
                0x0000000000003430                __locale_msgcharset
 .text.__locale_cjk_lang
                0x0000000000003438        0x4 /usr/arm-none-eabi/lib/armv6-m/libc.a(lib_a-locale.o)
                0x0000000000003438                __locale_cjk_lang
 .text._localeconv_r
                0x000000000000343c        0x8 /usr/arm-none-eabi/lib/armv6-m/libc.a(lib_a-locale.o)
                0x000000000000343c                _localeconv_r
 .text.setlocale
                0x0000000000003444       0x18 /usr/arm-none-eabi/lib/armv6-m/libc.a(lib_a-locale.o)
                0x0000000000003444                setlocale
 .text.localeconv
                0x000000000000345c        0x8 /usr/arm-none-eabi/lib/armv6-m/libc.a(lib_a-locale.o)
                0x000000000000345c                localeconv
 .text          0x0000000000003464        0x0 /usr/arm-none-eabi/lib/armv6-m/libc.a(lib_a-mallocr.o)
 .text._malloc_r
                0x0000000000003464      0x50c /usr/arm-none-eabi/lib/armv6-m/libc.a(lib_a-mallocr.o)
                0x0000000000003464                _malloc_r
 .text          0x0000000000003970        0x0 /usr/arm-none-eabi/lib/armv6-m/libc.a(lib_a-memchr-stub.o)
 .text.memchr   0x0000000000003970       0x84 /usr/arm-none-eabi/lib/armv6-m/libc.a(lib_a-memchr-stub.o)
                0x0000000000003970                memchr
 .text          0x00000000000039f4        0x0 /usr/arm-none-eabi/lib/armv6-m/libc.a(lib_a-mlock.o)
 .text.__malloc_lock
                0x00000000000039f4        0x4 /usr/arm-none-eabi/lib/armv6-m/libc.a(lib_a-mlock.o)
                0x00000000000039f4                __malloc_lock
 .text.__malloc_unlock
                0x00000000000039f8        0x4 /usr/arm-none-eabi/lib/armv6-m/libc.a(lib_a-mlock.o)
                0x00000000000039f8                __malloc_unlock
 .text          0x00000000000039fc        0x0 /usr/arm-none-eabi/lib/armv6-m/libc.a(lib_a-mprec.o)
 .text._Balloc  0x00000000000039fc       0x50 /usr/arm-none-eabi/lib/armv6-m/libc.a(lib_a-mprec.o)
                0x00000000000039fc                _Balloc
 .text._Bfree   0x0000000000003a4c       0x14 /usr/arm-none-eabi/lib/armv6-m/libc.a(lib_a-mprec.o)
                0x0000000000003a4c                _Bfree
 .text.__multadd
                0x0000000000003a60       0xa8 /usr/arm-none-eabi/lib/armv6-m/libc.a(lib_a-mprec.o)
                0x0000000000003a60                __multadd
 .text.__s2b    0x0000000000003b08       0x98 /usr/arm-none-eabi/lib/armv6-m/libc.a(lib_a-mprec.o)
                0x0000000000003b08                __s2b
 .text.__hi0bits
                0x0000000000003ba0       0x3c /usr/arm-none-eabi/lib/armv6-m/libc.a(lib_a-mprec.o)
                0x0000000000003ba0                __hi0bits
 .text.__lo0bits
                0x0000000000003bdc       0x5c /usr/arm-none-eabi/lib/armv6-m/libc.a(lib_a-mprec.o)
                0x0000000000003bdc                __lo0bits
 .text.__i2b    0x0000000000003c38       0x14 /usr/arm-none-eabi/lib/armv6-m/libc.a(lib_a-mprec.o)
                0x0000000000003c38                __i2b
 .text.__multiply
                0x0000000000003c4c      0x144 /usr/arm-none-eabi/lib/armv6-m/libc.a(lib_a-mprec.o)
                0x0000000000003c4c                __multiply
 .text.__pow5mult
                0x0000000000003d90       0xb8 /usr/arm-none-eabi/lib/armv6-m/libc.a(lib_a-mprec.o)
                0x0000000000003d90                __pow5mult
 .text.__lshift
                0x0000000000003e48       0xc0 /usr/arm-none-eabi/lib/armv6-m/libc.a(lib_a-mprec.o)
                0x0000000000003e48                __lshift
 .text.__mcmp   0x0000000000003f08       0x38 /usr/arm-none-eabi/lib/armv6-m/libc.a(lib_a-mprec.o)
                0x0000000000003f08                __mcmp
 .text.__mdiff  0x0000000000003f40       0xe8 /usr/arm-none-eabi/lib/armv6-m/libc.a(lib_a-mprec.o)
                0x0000000000003f40                __mdiff
 .text.__ulp    0x0000000000004028       0x44 /usr/arm-none-eabi/lib/armv6-m/libc.a(lib_a-mprec.o)
                0x0000000000004028                __ulp
 .text.__b2d    0x000000000000406c       0xac /usr/arm-none-eabi/lib/armv6-m/libc.a(lib_a-mprec.o)
                0x000000000000406c                __b2d
 .text.__d2b    0x0000000000004118       0xbc /usr/arm-none-eabi/lib/armv6-m/libc.a(lib_a-mprec.o)
                0x0000000000004118                __d2b
 .text.__ratio  0x00000000000041d4       0x70 /usr/arm-none-eabi/lib/armv6-m/libc.a(lib_a-mprec.o)
                0x00000000000041d4                __ratio
 *fill*         0x0000000000004244        0x4 
 .text._mprec_log10
                0x0000000000004248       0x40 /usr/arm-none-eabi/lib/armv6-m/libc.a(lib_a-mprec.o)
                0x0000000000004248                _mprec_log10
 .text.__copybits
                0x0000000000004288       0x40 /usr/arm-none-eabi/lib/armv6-m/libc.a(lib_a-mprec.o)
                0x0000000000004288                __copybits
 .text.__any_on
                0x00000000000042c8       0x60 /usr/arm-none-eabi/lib/armv6-m/libc.a(lib_a-mprec.o)
                0x00000000000042c8                __any_on
 .text          0x0000000000004328        0x0 /usr/arm-none-eabi/lib/armv6-m/libc.a(lib_a-s_fpclassify.o)
 .text.__fpclassifyd
                0x0000000000004328       0x60 /usr/arm-none-eabi/lib/armv6-m/libc.a(lib_a-s_fpclassify.o)
                0x0000000000004328                __fpclassifyd
 .text          0x0000000000004388        0x0 /usr/arm-none-eabi/lib/armv6-m/libc.a(lib_a-sbrkr.o)
 .text._sbrk_r  0x0000000000004388       0x24 /usr/arm-none-eabi/lib/armv6-m/libc.a(lib_a-sbrkr.o)
                0x0000000000004388                _sbrk_r
 .text          0x00000000000043ac       0x14 /usr/arm-none-eabi/lib/armv6-m/libc.a(lib_a-strcmp.o)
                0x00000000000043ac                strcmp
 .text          0x00000000000043c0        0x0 /usr/arm-none-eabi/lib/armv6-m/libc.a(lib_a-svfiprintf.o)
 .text.__ssprint_r
                0x00000000000043c0      0x12c /usr/arm-none-eabi/lib/armv6-m/libc.a(lib_a-svfiprintf.o)
                0x00000000000043c0                __ssprint_r
 .text._svfiprintf_r
                0x00000000000044ec      0xac4 /usr/arm-none-eabi/lib/armv6-m/libc.a(lib_a-svfiprintf.o)
                0x00000000000044ec                _svfiprintf_r
 .text          0x0000000000004fb0        0x0 /usr/arm-none-eabi/lib/armv6-m/libc.a(lib_a-__atexit.o)
 .text.__register_exitproc
                0x0000000000004fb0       0xc0 /usr/arm-none-eabi/lib/armv6-m/libc.a(lib_a-__atexit.o)
                0x0000000000004fb0                __register_exitproc
 .text          0x0000000000005070        0x0 /usr/arm-none-eabi/lib/armv6-m/libc.a(lib_a-callocr.o)
 .text._calloc_r
                0x0000000000005070       0x60 /usr/arm-none-eabi/lib/armv6-m/libc.a(lib_a-callocr.o)
                0x0000000000005070                _calloc_r
 .text          0x00000000000050d0        0x0 /usr/arm-none-eabi/lib/armv6-m/libc.a(lib_a-freer.o)
 .text._malloc_trim_r
                0x00000000000050d0       0xa0 /usr/arm-none-eabi/lib/armv6-m/libc.a(lib_a-freer.o)
                0x00000000000050d0                _malloc_trim_r
 .text._free_r  0x0000000000005170      0x190 /usr/arm-none-eabi/lib/armv6-m/libc.a(lib_a-freer.o)
                0x0000000000005170                _free_r
 .text          0x0000000000005300        0x0 /usr/arm-none-eabi/lib/armv6-m/libc.a(lib_a-memmove.o)
 .text.memmove  0x0000000000005300       0xa4 /usr/arm-none-eabi/lib/armv6-m/libc.a(lib_a-memmove.o)
                0x0000000000005300                memmove
 .text          0x00000000000053a4        0x0 /usr/arm-none-eabi/lib/armv6-m/libc.a(lib_a-reallocr.o)
 .text._realloc_r
                0x00000000000053a4      0x360 /usr/arm-none-eabi/lib/armv6-m/libc.a(lib_a-reallocr.o)
                0x00000000000053a4                _realloc_r
 .text          0x0000000000005704        0x0 /usr/arm-none-eabi/lib/armv6-m/libc.a(lib_a-reent.o)
 .text.cleanup_glue
                0x0000000000005704       0x1c /usr/arm-none-eabi/lib/armv6-m/libc.a(lib_a-reent.o)
                0x0000000000005704                cleanup_glue
 .text._reclaim_reent
                0x0000000000005720       0xa0 /usr/arm-none-eabi/lib/armv6-m/libc.a(lib_a-reent.o)
                0x0000000000005720                _reclaim_reent
 .text          0x00000000000057c0       0x9c /usr/bin/../lib/gcc/arm-none-eabi/4.8.3/armv6-m/libgcc.a(_udivsi3.o)
                0x00000000000057c0                __udivsi3
                0x00000000000057c0                __aeabi_uidiv
                0x0000000000005848                __aeabi_uidivmod
 .text          0x000000000000585c       0xc0 /usr/bin/../lib/gcc/arm-none-eabi/4.8.3/armv6-m/libgcc.a(_divsi3.o)
                0x000000000000585c                __aeabi_idiv
                0x000000000000585c                __divsi3
                0x0000000000005908                __aeabi_idivmod
 .text          0x000000000000591c        0x4 /usr/bin/../lib/gcc/arm-none-eabi/4.8.3/armv6-m/libgcc.a(_dvmd_tls.o)
                0x000000000000591c                __aeabi_ldiv0
                0x000000000000591c                __aeabi_idiv0
 .text          0x0000000000005920       0x7c /usr/bin/../lib/gcc/arm-none-eabi/4.8.3/armv6-m/libgcc.a(_arm_cmpdf2.o)
                0x0000000000005920                __aeabi_cdrcmple
                0x0000000000005930                __aeabi_cdcmple
                0x0000000000005930                __aeabi_cdcmpeq
                0x0000000000005940                __aeabi_dcmpeq
                0x000000000000594c                __aeabi_dcmplt
                0x0000000000005960                __aeabi_dcmple
                0x0000000000005974                __aeabi_dcmpgt
                0x0000000000005988                __aeabi_dcmpge
 .text          0x000000000000599c       0x40 /usr/bin/../lib/gcc/arm-none-eabi/4.8.3/armv6-m/libgcc.a(_aeabi_uldivmod.o)
                0x000000000000599c                __aeabi_uldivmod
 .text          0x00000000000059dc       0x6c /usr/bin/../lib/gcc/arm-none-eabi/4.8.3/armv6-m/libgcc.a(bpabi.o)
                0x00000000000059dc                __gnu_ldivmod_helper
                0x0000000000005a14                __gnu_uldivmod_helper
 .text          0x0000000000005a48      0x638 /usr/bin/../lib/gcc/arm-none-eabi/4.8.3/armv6-m/libgcc.a(adddf3.o)
                0x0000000000005a48                __aeabi_dadd
 .text          0x0000000000006080      0x648 /usr/bin/../lib/gcc/arm-none-eabi/4.8.3/armv6-m/libgcc.a(divdf3.o)
                0x0000000000006080                __aeabi_ddiv
 .text          0x00000000000066c8       0x94 /usr/bin/../lib/gcc/arm-none-eabi/4.8.3/armv6-m/libgcc.a(eqdf2.o)
                0x00000000000066c8                __eqdf2
                0x00000000000066c8                __nedf2
 .text          0x000000000000675c       0xfc /usr/bin/../lib/gcc/arm-none-eabi/4.8.3/armv6-m/libgcc.a(gedf2.o)
                0x000000000000675c                __gtdf2
                0x000000000000675c                __gedf2
 .text          0x0000000000006858       0xfc /usr/bin/../lib/gcc/arm-none-eabi/4.8.3/armv6-m/libgcc.a(ledf2.o)
                0x0000000000006858                __ltdf2
                0x0000000000006858                __ledf2
 .text          0x0000000000006954      0x520 /usr/bin/../lib/gcc/arm-none-eabi/4.8.3/armv6-m/libgcc.a(muldf3.o)
                0x0000000000006954                __aeabi_dmul
 .text          0x0000000000006e74      0x654 /usr/bin/../lib/gcc/arm-none-eabi/4.8.3/armv6-m/libgcc.a(subdf3.o)
                0x0000000000006e74                __aeabi_dsub
 .text          0x00000000000074c8       0x68 /usr/bin/../lib/gcc/arm-none-eabi/4.8.3/armv6-m/libgcc.a(fixdfsi.o)
                0x00000000000074c8                __aeabi_d2iz
 .text          0x0000000000007530       0x7c /usr/bin/../lib/gcc/arm-none-eabi/4.8.3/armv6-m/libgcc.a(floatsidf.o)
                0x0000000000007530                __aeabi_i2d
 .text          0x00000000000075ac       0x68 /usr/bin/../lib/gcc/arm-none-eabi/4.8.3/armv6-m/libgcc.a(floatunsidf.o)
                0x00000000000075ac                __aeabi_ui2d
 .text          0x0000000000007614       0x3c /usr/bin/../lib/gcc/arm-none-eabi/4.8.3/armv6-m/libgcc.a(_clzsi2.o)
                0x0000000000007614                __clzsi2
 .text          0x0000000000007650       0x44 /usr/bin/../lib/gcc/arm-none-eabi/4.8.3/armv6-m/libgcc.a(_muldi3.o)
                0x0000000000007650                __aeabi_lmul
                0x0000000000007650                __muldi3
 .text          0x0000000000007694      0x3b8 /usr/bin/../lib/gcc/arm-none-eabi/4.8.3/armv6-m/libgcc.a(_divdi3.o)
                0x0000000000007694                __divdi3
 .text          0x0000000000007a4c      0x384 /usr/bin/../lib/gcc/arm-none-eabi/4.8.3/armv6-m/libgcc.a(_udivdi3.o)
                0x0000000000007a4c                __udivdi3
 .text          0x0000000000007dd0        0x0 /usr/bin/../lib/gcc/arm-none-eabi/4.8.3/armv6-m/crtend.o
 .text          0x0000000000007dd0        0x0 /usr/bin/../lib/gcc/arm-none-eabi/4.8.3/armv6-m/crtn.o
 .text          0x0000000000007dd0        0x0 /usr/arm-none-eabi/lib/armv6-m/libnosys.a(sbrk.o)
 .text._sbrk    0x0000000000007dd0       0x34 /usr/arm-none-eabi/lib/armv6-m/libnosys.a(sbrk.o)
                0x0000000000007dd0                _sbrk
 .text          0x0000000000007e04        0x0 /usr/arm-none-eabi/lib/armv6-m/libnosys.a(_exit.o)
 .text._exit    0x0000000000007e04        0x4 /usr/arm-none-eabi/lib/armv6-m/libnosys.a(_exit.o)
                0x0000000000007e04                _exit
 *(.init)
 .init          0x0000000000007e08        0x4 /usr/bin/../lib/gcc/arm-none-eabi/4.8.3/armv6-m/crti.o
                0x0000000000007e08                _init
 .init          0x0000000000007e0c        0x8 /usr/bin/../lib/gcc/arm-none-eabi/4.8.3/armv6-m/crtn.o
 *(.fini)
 .fini          0x0000000000007e14        0x4 /usr/bin/../lib/gcc/arm-none-eabi/4.8.3/armv6-m/crti.o
                0x0000000000007e14                _fini
 .fini          0x0000000000007e18        0x8 /usr/bin/../lib/gcc/arm-none-eabi/4.8.3/armv6-m/crtn.o
 *crtbegin.o(.ctors)
 *crtbegin?.o(.ctors)
 *(EXCLUDE_FILE(*crtend.o *crtend?.o) .ctors)
 *(SORT(.ctors.*))
 *(.ctors)
 *crtbegin.o(.dtors)
 *crtbegin?.o(.dtors)
 *(EXCLUDE_FILE(*crtend.o *crtend?.o) .dtors)
 *(SORT(.dtors.*))
 *(.dtors)
 *(.rodata*)
 .rodata        0x0000000000007e20       0x28 radio.o
 .rodata.str1.4
                0x0000000000007e48        0x2 /usr/arm-none-eabi/lib/armv6-m/libc.a(lib_a-impure.o)
                                          0x4 (size before relaxing)
 *fill*         0x0000000000007e4a        0x2 
 .rodata._global_impure_ptr
                0x0000000000007e4c        0x4 /usr/arm-none-eabi/lib/armv6-m/libc.a(lib_a-impure.o)
                0x0000000000007e4c                _global_impure_ptr
 .rodata._svfprintf_r
                0x0000000000007e50      0x164 /usr/arm-none-eabi/lib/armv6-m/libc.a(lib_a-svfprintf.o)
 .rodata.zeroes.6760
                0x0000000000007fb4       0x10 /usr/arm-none-eabi/lib/armv6-m/libc.a(lib_a-svfprintf.o)
 .rodata.str1.4
                0x0000000000007fc4       0x42 /usr/arm-none-eabi/lib/armv6-m/libc.a(lib_a-svfprintf.o)
                                         0x44 (size before relaxing)
 *fill*         0x0000000000008006        0x2 
 .rodata.blanks.6759
                0x0000000000008008       0x10 /usr/arm-none-eabi/lib/armv6-m/libc.a(lib_a-svfprintf.o)
 .rodata.str1.4
                0x0000000000008018       0x10 /usr/arm-none-eabi/lib/armv6-m/libc.a(lib_a-dtoa.o)
                                         0x14 (size before relaxing)
 .rodata.str1.4
                0x0000000000008028        0xc /usr/arm-none-eabi/lib/armv6-m/libc.a(lib_a-locale.o)
                                         0x14 (size before relaxing)
 *fill*         0x0000000000008034        0x4 
 .rodata.__mprec_tens
                0x0000000000008038       0xc8 /usr/arm-none-eabi/lib/armv6-m/libc.a(lib_a-mprec.o)
                0x0000000000008038                __mprec_tens
 .rodata.__mprec_bigtens
                0x0000000000008100       0x28 /usr/arm-none-eabi/lib/armv6-m/libc.a(lib_a-mprec.o)
                0x0000000000008100                __mprec_bigtens
 .rodata.p05.5266
                0x0000000000008128        0xc /usr/arm-none-eabi/lib/armv6-m/libc.a(lib_a-mprec.o)
 *fill*         0x0000000000008134        0x4 
 .rodata.__mprec_tinytens
                0x0000000000008138       0x28 /usr/arm-none-eabi/lib/armv6-m/libc.a(lib_a-mprec.o)
                0x0000000000008138                __mprec_tinytens
 .rodata._svfiprintf_r
                0x0000000000008160      0x164 /usr/arm-none-eabi/lib/armv6-m/libc.a(lib_a-svfiprintf.o)
 .rodata.zeroes.6704
                0x00000000000082c4       0x10 /usr/arm-none-eabi/lib/armv6-m/libc.a(lib_a-svfiprintf.o)
 .rodata.str1.4
                0x0000000000000000       0x30 /usr/arm-none-eabi/lib/armv6-m/libc.a(lib_a-svfiprintf.o)
 .rodata.blanks.6703
                0x00000000000082d4       0x10 /usr/arm-none-eabi/lib/armv6-m/libc.a(lib_a-svfiprintf.o)
 .rodata        0x00000000000082e4       0x40 /usr/bin/../lib/gcc/arm-none-eabi/4.8.3/armv6-m/libgcc.a(divdf3.o)
 .rodata        0x0000000000008324       0x40 /usr/bin/../lib/gcc/arm-none-eabi/4.8.3/armv6-m/libgcc.a(muldf3.o)
 *(.eh_frame*)
 .eh_frame      0x0000000000008364        0x0 /usr/bin/../lib/gcc/arm-none-eabi/4.8.3/armv6-m/crtbegin.o
 .eh_frame      0x0000000000008364        0x4 /usr/bin/../lib/gcc/arm-none-eabi/4.8.3/armv6-m/crtend.o

.glue_7         0x0000000000008368        0x0
 .glue_7        0x0000000000000000        0x0 linker stubs

.glue_7t        0x0000000000008368        0x0
 .glue_7t       0x0000000000000000        0x0 linker stubs

.vfp11_veneer   0x0000000000008368        0x0
 .vfp11_veneer  0x0000000000000000        0x0 linker stubs

.v4_bx          0x0000000000008368        0x0
 .v4_bx         0x0000000000000000        0x0 linker stubs

.iplt           0x0000000000008368        0x0
 .iplt          0x0000000000000000        0x0 /usr/bin/../lib/gcc/arm-none-eabi/4.8.3/armv6-m/crtbegin.o

.ARM.extab      0x0000000000008368        0x0
 *(.ARM.extab* .gnu.linkonce.armextab.*)
 .ARM.extab     0x0000000000008368        0x0 /usr/bin/../lib/gcc/arm-none-eabi/4.8.3/../../../../arm-none-eabi/lib/armv6-m/crt0.o
 .ARM.extab     0x0000000000008368        0x0 /usr/bin/../lib/gcc/arm-none-eabi/4.8.3/armv6-m/libgcc.a(_divdi3.o)
 .ARM.extab     0x0000000000008368        0x0 /usr/bin/../lib/gcc/arm-none-eabi/4.8.3/armv6-m/libgcc.a(_udivdi3.o)
                0x0000000000008368                __exidx_start = .

.ARM.exidx      0x0000000000008368        0x8
 *(.ARM.exidx* .gnu.linkonce.armexidx.*)
 .ARM.exidx     0x0000000000008368        0x8 /usr/bin/../lib/gcc/arm-none-eabi/4.8.3/../../../../arm-none-eabi/lib/armv6-m/crt0.o
 .ARM.exidx     0x0000000000008370        0x0 /usr/bin/../lib/gcc/arm-none-eabi/4.8.3/armv6-m/libgcc.a(_divdi3.o)
                                          0x8 (size before relaxing)
 .ARM.exidx     0x0000000000008370        0x0 /usr/bin/../lib/gcc/arm-none-eabi/4.8.3/armv6-m/libgcc.a(_udivdi3.o)
                                          0x8 (size before relaxing)
                0x0000000000008370                __exidx_end = .
                0x0000000000008370                __etext = .

.rel.dyn        0x0000000000008370        0x0
 .rel.iplt      0x0000000000000000        0x0 /usr/bin/../lib/gcc/arm-none-eabi/4.8.3/armv6-m/crtbegin.o

.data           0x0000000020000000      0x8d4 load address 0x0000000000008370
                0x0000000020000000                __data_start__ = .
 *(vtable)
 *(.data*)
 .data          0x0000000020000000        0x0 /usr/bin/../lib/gcc/arm-none-eabi/4.8.3/armv6-m/crti.o
 .data          0x0000000020000000        0x4 /usr/bin/../lib/gcc/arm-none-eabi/4.8.3/armv6-m/crtbegin.o
                0x0000000020000000                __dso_handle
 .data          0x0000000020000004        0x0 /usr/bin/../lib/gcc/arm-none-eabi/4.8.3/../../../../arm-none-eabi/lib/armv6-m/crt0.o
 .data          0x0000000020000004        0x4 system_nrf51.o
                0x0000000020000004                SystemCoreClock
 .data          0x0000000020000008        0x0 nrf_delay.o
 .data          0x0000000020000008        0x0 startup_nrf51.o
 .data          0x0000000020000008        0x0 gpio.o
 .data          0x0000000020000008        0x1 radio.o
                0x0000000020000008                sniffer_channel
 .data          0x0000000020000009        0x0 serial.o
 .data          0x0000000020000009        0x0 main.o
 .data          0x0000000020000009        0x0 /usr/arm-none-eabi/lib/armv6-m/libc.a(lib_a-exit.o)
 .data          0x0000000020000009        0x0 /usr/arm-none-eabi/lib/armv6-m/libc.a(lib_a-impure.o)
 *fill*         0x0000000020000009        0x7 
 .data.impure_data
                0x0000000020000010      0x428 /usr/arm-none-eabi/lib/armv6-m/libc.a(lib_a-impure.o)
 .data._impure_ptr
                0x0000000020000438        0x4 /usr/arm-none-eabi/lib/armv6-m/libc.a(lib_a-impure.o)
                0x0000000020000438                _impure_ptr
 .data          0x000000002000043c        0x0 /usr/arm-none-eabi/lib/armv6-m/libc.a(lib_a-init.o)
 .data          0x000000002000043c        0x0 /usr/arm-none-eabi/lib/armv6-m/libc.a(lib_a-memcpy-stub.o)
 .data          0x000000002000043c        0x0 /usr/arm-none-eabi/lib/armv6-m/libc.a(lib_a-memset.o)
 .data          0x000000002000043c        0x0 /usr/arm-none-eabi/lib/armv6-m/libc.a(lib_a-sprintf.o)
 .data          0x000000002000043c        0x0 /usr/arm-none-eabi/lib/armv6-m/libc.a(lib_a-strlen.o)
 .data          0x000000002000043c        0x0 /usr/arm-none-eabi/lib/armv6-m/libc.a(lib_a-svfprintf.o)
 .data          0x000000002000043c        0x0 /usr/arm-none-eabi/lib/armv6-m/libc.a(lib_a-__call_atexit.o)
 .data          0x000000002000043c        0x0 /usr/arm-none-eabi/lib/armv6-m/libc.a(lib_a-atexit.o)
 .data          0x000000002000043c        0x0 /usr/arm-none-eabi/lib/armv6-m/libc.a(lib_a-dtoa.o)
 .data          0x000000002000043c        0x0 /usr/arm-none-eabi/lib/armv6-m/libc.a(lib_a-fini.o)
 .data          0x000000002000043c        0x0 /usr/arm-none-eabi/lib/armv6-m/libc.a(lib_a-locale.o)
 .data.lc_message_charset
                0x000000002000043c       0x20 /usr/arm-none-eabi/lib/armv6-m/libc.a(lib_a-locale.o)
 .data.lconv    0x000000002000045c       0x38 /usr/arm-none-eabi/lib/armv6-m/libc.a(lib_a-locale.o)
 .data.lc_ctype_charset
                0x0000000020000494       0x20 /usr/arm-none-eabi/lib/armv6-m/libc.a(lib_a-locale.o)
 .data.__mb_cur_max
                0x00000000200004b4        0x4 /usr/arm-none-eabi/lib/armv6-m/libc.a(lib_a-locale.o)
                0x00000000200004b4                __mb_cur_max
 .data          0x00000000200004b8        0x0 /usr/arm-none-eabi/lib/armv6-m/libc.a(lib_a-mallocr.o)
 .data.__malloc_av_
                0x00000000200004b8      0x408 /usr/arm-none-eabi/lib/armv6-m/libc.a(lib_a-mallocr.o)
                0x00000000200004b8                __malloc_av_
 .data.__malloc_trim_threshold
                0x00000000200008c0        0x4 /usr/arm-none-eabi/lib/armv6-m/libc.a(lib_a-mallocr.o)
                0x00000000200008c0                __malloc_trim_threshold
 .data.__malloc_sbrk_base
                0x00000000200008c4        0x4 /usr/arm-none-eabi/lib/armv6-m/libc.a(lib_a-mallocr.o)
                0x00000000200008c4                __malloc_sbrk_base
 .data          0x00000000200008c8        0x0 /usr/arm-none-eabi/lib/armv6-m/libc.a(lib_a-memchr-stub.o)
 .data          0x00000000200008c8        0x0 /usr/arm-none-eabi/lib/armv6-m/libc.a(lib_a-mlock.o)
 .data          0x00000000200008c8        0x0 /usr/arm-none-eabi/lib/armv6-m/libc.a(lib_a-mprec.o)
 .data          0x00000000200008c8        0x0 /usr/arm-none-eabi/lib/armv6-m/libc.a(lib_a-s_fpclassify.o)
 .data          0x00000000200008c8        0x0 /usr/arm-none-eabi/lib/armv6-m/libc.a(lib_a-sbrkr.o)
 .data          0x00000000200008c8        0x0 /usr/arm-none-eabi/lib/armv6-m/libc.a(lib_a-strcmp.o)
 .data          0x00000000200008c8        0x0 /usr/arm-none-eabi/lib/armv6-m/libc.a(lib_a-svfiprintf.o)
 .data          0x00000000200008c8        0x0 /usr/arm-none-eabi/lib/armv6-m/libc.a(lib_a-__atexit.o)
 .data          0x00000000200008c8        0x0 /usr/arm-none-eabi/lib/armv6-m/libc.a(lib_a-callocr.o)
 .data          0x00000000200008c8        0x0 /usr/arm-none-eabi/lib/armv6-m/libc.a(lib_a-freer.o)
 .data          0x00000000200008c8        0x0 /usr/arm-none-eabi/lib/armv6-m/libc.a(lib_a-memmove.o)
 .data          0x00000000200008c8        0x0 /usr/arm-none-eabi/lib/armv6-m/libc.a(lib_a-reallocr.o)
 .data          0x00000000200008c8        0x0 /usr/arm-none-eabi/lib/armv6-m/libc.a(lib_a-reent.o)
 .data          0x00000000200008c8        0x0 /usr/bin/../lib/gcc/arm-none-eabi/4.8.3/armv6-m/libgcc.a(_udivsi3.o)
 .data          0x00000000200008c8        0x0 /usr/bin/../lib/gcc/arm-none-eabi/4.8.3/armv6-m/libgcc.a(_divsi3.o)
 .data          0x00000000200008c8        0x0 /usr/bin/../lib/gcc/arm-none-eabi/4.8.3/armv6-m/libgcc.a(_dvmd_tls.o)
 .data          0x00000000200008c8        0x0 /usr/bin/../lib/gcc/arm-none-eabi/4.8.3/armv6-m/libgcc.a(_arm_cmpdf2.o)
 .data          0x00000000200008c8        0x0 /usr/bin/../lib/gcc/arm-none-eabi/4.8.3/armv6-m/libgcc.a(_aeabi_uldivmod.o)
 .data          0x00000000200008c8        0x0 /usr/bin/../lib/gcc/arm-none-eabi/4.8.3/armv6-m/libgcc.a(bpabi.o)
 .data          0x00000000200008c8        0x0 /usr/bin/../lib/gcc/arm-none-eabi/4.8.3/armv6-m/libgcc.a(adddf3.o)
 .data          0x00000000200008c8        0x0 /usr/bin/../lib/gcc/arm-none-eabi/4.8.3/armv6-m/libgcc.a(divdf3.o)
 .data          0x00000000200008c8        0x0 /usr/bin/../lib/gcc/arm-none-eabi/4.8.3/armv6-m/libgcc.a(eqdf2.o)
 .data          0x00000000200008c8        0x0 /usr/bin/../lib/gcc/arm-none-eabi/4.8.3/armv6-m/libgcc.a(gedf2.o)
 .data          0x00000000200008c8        0x0 /usr/bin/../lib/gcc/arm-none-eabi/4.8.3/armv6-m/libgcc.a(ledf2.o)
 .data          0x00000000200008c8        0x0 /usr/bin/../lib/gcc/arm-none-eabi/4.8.3/armv6-m/libgcc.a(muldf3.o)
 .data          0x00000000200008c8        0x0 /usr/bin/../lib/gcc/arm-none-eabi/4.8.3/armv6-m/libgcc.a(subdf3.o)
 .data          0x00000000200008c8        0x0 /usr/bin/../lib/gcc/arm-none-eabi/4.8.3/armv6-m/libgcc.a(fixdfsi.o)
 .data          0x00000000200008c8        0x0 /usr/bin/../lib/gcc/arm-none-eabi/4.8.3/armv6-m/libgcc.a(floatsidf.o)
 .data          0x00000000200008c8        0x0 /usr/bin/../lib/gcc/arm-none-eabi/4.8.3/armv6-m/libgcc.a(floatunsidf.o)
 .data          0x00000000200008c8        0x0 /usr/bin/../lib/gcc/arm-none-eabi/4.8.3/armv6-m/libgcc.a(_clzsi2.o)
 .data          0x00000000200008c8        0x0 /usr/bin/../lib/gcc/arm-none-eabi/4.8.3/armv6-m/libgcc.a(_muldi3.o)
 .data          0x00000000200008c8        0x0 /usr/bin/../lib/gcc/arm-none-eabi/4.8.3/armv6-m/libgcc.a(_divdi3.o)
 .data          0x00000000200008c8        0x0 /usr/bin/../lib/gcc/arm-none-eabi/4.8.3/armv6-m/libgcc.a(_udivdi3.o)
 .data          0x00000000200008c8        0x0 /usr/bin/../lib/gcc/arm-none-eabi/4.8.3/armv6-m/crtend.o
 .data          0x00000000200008c8        0x0 /usr/bin/../lib/gcc/arm-none-eabi/4.8.3/armv6-m/crtn.o
 .data          0x00000000200008c8        0x0 /usr/arm-none-eabi/lib/armv6-m/libnosys.a(sbrk.o)
 .data          0x00000000200008c8        0x0 /usr/arm-none-eabi/lib/armv6-m/libnosys.a(_exit.o)
                0x00000000200008c8                . = ALIGN (0x4)
                0x00000000200008c8                PROVIDE (__preinit_array_start, .)
 *(.preinit_array)
                0x00000000200008c8                PROVIDE (__preinit_array_end, .)
                0x00000000200008c8                . = ALIGN (0x4)
                0x00000000200008c8                PROVIDE (__init_array_start, .)
 *(SORT(.init_array.*))
 .init_array.00000
                0x00000000200008c8        0x4 /usr/arm-none-eabi/lib/armv6-m/libc.a(lib_a-__call_atexit.o)
 *(.init_array)
 .init_array    0x00000000200008cc        0x4 /usr/bin/../lib/gcc/arm-none-eabi/4.8.3/armv6-m/crtbegin.o
                0x00000000200008d0                PROVIDE (__init_array_end, .)
                0x00000000200008d0                . = ALIGN (0x4)
                0x00000000200008d0                PROVIDE (__fini_array_start, .)
 *(SORT(.fini_array.*))
 *(.fini_array)
 .fini_array    0x00000000200008d0        0x4 /usr/bin/../lib/gcc/arm-none-eabi/4.8.3/armv6-m/crtbegin.o
                0x00000000200008d4                PROVIDE (__fini_array_end, .)
                0x00000000200008d4                . = ALIGN (0x4)
                0x00000000200008d4                __data_end__ = .

.jcr            0x00000000200008d4        0x4 load address 0x0000000000008c44
 .jcr           0x00000000200008d4        0x0 /usr/bin/../lib/gcc/arm-none-eabi/4.8.3/armv6-m/crtbegin.o
 .jcr           0x00000000200008d4        0x4 /usr/bin/../lib/gcc/arm-none-eabi/4.8.3/armv6-m/crtend.o

.igot.plt       0x00000000200008d8        0x0 load address 0x0000000000008c48
 .igot.plt      0x0000000000000000        0x0 /usr/bin/../lib/gcc/arm-none-eabi/4.8.3/armv6-m/crtbegin.o

.bss            0x00000000200008d8      0x168 load address 0x0000000000008c48
                0x00000000200008d8                __bss_start__ = .
 *(.bss*)
 .bss           0x00000000200008d8        0x0 /usr/bin/../lib/gcc/arm-none-eabi/4.8.3/armv6-m/crti.o
 .bss           0x00000000200008d8       0x1c /usr/bin/../lib/gcc/arm-none-eabi/4.8.3/armv6-m/crtbegin.o
 .bss           0x00000000200008f4        0x0 /usr/bin/../lib/gcc/arm-none-eabi/4.8.3/../../../../arm-none-eabi/lib/armv6-m/crt0.o
 .bss           0x00000000200008f4        0x0 system_nrf51.o
 .bss           0x00000000200008f4        0x0 nrf_delay.o
 .bss           0x00000000200008f4        0x0 startup_nrf51.o
 .bss           0x00000000200008f4        0x0 gpio.o
 .bss           0x00000000200008f4        0x4 radio.o
                0x00000000200008f4                received_count
 .bss           0x00000000200008f8        0x0 serial.o
 .bss           0x00000000200008f8        0x0 main.o
 .bss           0x00000000200008f8        0x0 /usr/arm-none-eabi/lib/armv6-m/libc.a(lib_a-exit.o)
 .bss           0x00000000200008f8        0x0 /usr/arm-none-eabi/lib/armv6-m/libc.a(lib_a-impure.o)
 .bss           0x00000000200008f8        0x0 /usr/arm-none-eabi/lib/armv6-m/libc.a(lib_a-init.o)
 .bss           0x00000000200008f8        0x0 /usr/arm-none-eabi/lib/armv6-m/libc.a(lib_a-memcpy-stub.o)
 .bss           0x00000000200008f8        0x0 /usr/arm-none-eabi/lib/armv6-m/libc.a(lib_a-memset.o)
 .bss           0x00000000200008f8        0x0 /usr/arm-none-eabi/lib/armv6-m/libc.a(lib_a-sprintf.o)
 .bss           0x00000000200008f8        0x0 /usr/arm-none-eabi/lib/armv6-m/libc.a(lib_a-strlen.o)
 .bss           0x00000000200008f8        0x0 /usr/arm-none-eabi/lib/armv6-m/libc.a(lib_a-svfprintf.o)
 .bss           0x00000000200008f8        0x0 /usr/arm-none-eabi/lib/armv6-m/libc.a(lib_a-__call_atexit.o)
 .bss           0x00000000200008f8        0x0 /usr/arm-none-eabi/lib/armv6-m/libc.a(lib_a-atexit.o)
 .bss           0x00000000200008f8        0x0 /usr/arm-none-eabi/lib/armv6-m/libc.a(lib_a-dtoa.o)
 .bss           0x00000000200008f8        0x0 /usr/arm-none-eabi/lib/armv6-m/libc.a(lib_a-fini.o)
 .bss           0x00000000200008f8        0x0 /usr/arm-none-eabi/lib/armv6-m/libc.a(lib_a-locale.o)
 .bss._PathLocale
                0x00000000200008f8        0x4 /usr/arm-none-eabi/lib/armv6-m/libc.a(lib_a-locale.o)
                0x00000000200008f8                _PathLocale
 .bss.__nlocale_changed
                0x00000000200008fc        0x4 /usr/arm-none-eabi/lib/armv6-m/libc.a(lib_a-locale.o)
                0x00000000200008fc                __nlocale_changed
 .bss.__mlocale_changed
                0x0000000020000900        0x4 /usr/arm-none-eabi/lib/armv6-m/libc.a(lib_a-locale.o)
                0x0000000020000900                __mlocale_changed
 .bss           0x0000000020000904        0x0 /usr/arm-none-eabi/lib/armv6-m/libc.a(lib_a-mallocr.o)
 .bss.__malloc_max_total_mem
                0x0000000020000904        0x4 /usr/arm-none-eabi/lib/armv6-m/libc.a(lib_a-mallocr.o)
                0x0000000020000904                __malloc_max_total_mem
 .bss.__malloc_max_sbrked_mem
                0x0000000020000908        0x4 /usr/arm-none-eabi/lib/armv6-m/libc.a(lib_a-mallocr.o)
                0x0000000020000908                __malloc_max_sbrked_mem
 .bss.__malloc_top_pad
                0x000000002000090c        0x4 /usr/arm-none-eabi/lib/armv6-m/libc.a(lib_a-mallocr.o)
                0x000000002000090c                __malloc_top_pad
 .bss.__malloc_current_mallinfo
                0x0000000020000910       0x28 /usr/arm-none-eabi/lib/armv6-m/libc.a(lib_a-mallocr.o)
                0x0000000020000910                __malloc_current_mallinfo
 .bss           0x0000000020000938        0x0 /usr/arm-none-eabi/lib/armv6-m/libc.a(lib_a-memchr-stub.o)
 .bss           0x0000000020000938        0x0 /usr/arm-none-eabi/lib/armv6-m/libc.a(lib_a-mlock.o)
 .bss           0x0000000020000938        0x0 /usr/arm-none-eabi/lib/armv6-m/libc.a(lib_a-mprec.o)
 .bss           0x0000000020000938        0x0 /usr/arm-none-eabi/lib/armv6-m/libc.a(lib_a-s_fpclassify.o)
 .bss           0x0000000020000938        0x0 /usr/arm-none-eabi/lib/armv6-m/libc.a(lib_a-sbrkr.o)
 .bss           0x0000000020000938        0x0 /usr/arm-none-eabi/lib/armv6-m/libc.a(lib_a-strcmp.o)
 .bss           0x0000000020000938        0x0 /usr/arm-none-eabi/lib/armv6-m/libc.a(lib_a-svfiprintf.o)
 .bss           0x0000000020000938        0x0 /usr/arm-none-eabi/lib/armv6-m/libc.a(lib_a-__atexit.o)
 .bss           0x0000000020000938        0x0 /usr/arm-none-eabi/lib/armv6-m/libc.a(lib_a-callocr.o)
 .bss           0x0000000020000938        0x0 /usr/arm-none-eabi/lib/armv6-m/libc.a(lib_a-freer.o)
 .bss           0x0000000020000938        0x0 /usr/arm-none-eabi/lib/armv6-m/libc.a(lib_a-memmove.o)
 .bss           0x0000000020000938        0x0 /usr/arm-none-eabi/lib/armv6-m/libc.a(lib_a-reallocr.o)
 .bss           0x0000000020000938        0x0 /usr/arm-none-eabi/lib/armv6-m/libc.a(lib_a-reent.o)
 .bss           0x0000000020000938        0x0 /usr/bin/../lib/gcc/arm-none-eabi/4.8.3/armv6-m/libgcc.a(_udivsi3.o)
 .bss           0x0000000020000938        0x0 /usr/bin/../lib/gcc/arm-none-eabi/4.8.3/armv6-m/libgcc.a(_divsi3.o)
 .bss           0x0000000020000938        0x0 /usr/bin/../lib/gcc/arm-none-eabi/4.8.3/armv6-m/libgcc.a(_dvmd_tls.o)
 .bss           0x0000000020000938        0x0 /usr/bin/../lib/gcc/arm-none-eabi/4.8.3/armv6-m/libgcc.a(_arm_cmpdf2.o)
 .bss           0x0000000020000938        0x0 /usr/bin/../lib/gcc/arm-none-eabi/4.8.3/armv6-m/libgcc.a(_aeabi_uldivmod.o)
 .bss           0x0000000020000938        0x0 /usr/bin/../lib/gcc/arm-none-eabi/4.8.3/armv6-m/libgcc.a(bpabi.o)
 .bss           0x0000000020000938        0x0 /usr/bin/../lib/gcc/arm-none-eabi/4.8.3/armv6-m/libgcc.a(adddf3.o)
 .bss           0x0000000020000938        0x0 /usr/bin/../lib/gcc/arm-none-eabi/4.8.3/armv6-m/libgcc.a(divdf3.o)
 .bss           0x0000000020000938        0x0 /usr/bin/../lib/gcc/arm-none-eabi/4.8.3/armv6-m/libgcc.a(eqdf2.o)
 .bss           0x0000000020000938        0x0 /usr/bin/../lib/gcc/arm-none-eabi/4.8.3/armv6-m/libgcc.a(gedf2.o)
 .bss           0x0000000020000938        0x0 /usr/bin/../lib/gcc/arm-none-eabi/4.8.3/armv6-m/libgcc.a(ledf2.o)
 .bss           0x0000000020000938        0x0 /usr/bin/../lib/gcc/arm-none-eabi/4.8.3/armv6-m/libgcc.a(muldf3.o)
 .bss           0x0000000020000938        0x0 /usr/bin/../lib/gcc/arm-none-eabi/4.8.3/armv6-m/libgcc.a(subdf3.o)
 .bss           0x0000000020000938        0x0 /usr/bin/../lib/gcc/arm-none-eabi/4.8.3/armv6-m/libgcc.a(fixdfsi.o)
 .bss           0x0000000020000938        0x0 /usr/bin/../lib/gcc/arm-none-eabi/4.8.3/armv6-m/libgcc.a(floatsidf.o)
 .bss           0x0000000020000938        0x0 /usr/bin/../lib/gcc/arm-none-eabi/4.8.3/armv6-m/libgcc.a(floatunsidf.o)
 .bss           0x0000000020000938        0x0 /usr/bin/../lib/gcc/arm-none-eabi/4.8.3/armv6-m/libgcc.a(_clzsi2.o)
 .bss           0x0000000020000938        0x0 /usr/bin/../lib/gcc/arm-none-eabi/4.8.3/armv6-m/libgcc.a(_muldi3.o)
 .bss           0x0000000020000938        0x0 /usr/bin/../lib/gcc/arm-none-eabi/4.8.3/armv6-m/libgcc.a(_divdi3.o)
 .bss           0x0000000020000938        0x0 /usr/bin/../lib/gcc/arm-none-eabi/4.8.3/armv6-m/libgcc.a(_udivdi3.o)
 .bss           0x0000000020000938        0x0 /usr/bin/../lib/gcc/arm-none-eabi/4.8.3/armv6-m/crtend.o
 .bss           0x0000000020000938        0x0 /usr/bin/../lib/gcc/arm-none-eabi/4.8.3/armv6-m/crtn.o
 .bss           0x0000000020000938        0x0 /usr/arm-none-eabi/lib/armv6-m/libnosys.a(sbrk.o)
 .bss.heap_end.4243
                0x0000000020000938        0x4 /usr/arm-none-eabi/lib/armv6-m/libnosys.a(sbrk.o)
 .bss           0x000000002000093c        0x0 /usr/arm-none-eabi/lib/armv6-m/libnosys.a(_exit.o)
 *(COMMON)
 COMMON         0x000000002000093c       0xff radio.o
                0x000000002000093c                sniffer_rx
 *fill*         0x0000000020000a3b        0x1 
 COMMON         0x0000000020000a3c        0x4 /usr/arm-none-eabi/lib/armv6-m/libc.a(lib_a-reent.o)
                0x0000000020000a3c                errno
                0x0000000020000a40                __bss_end__ = .

.heap           0x0000000020000a40      0x100
                0x0000000020000a40                __end__ = .
                0x0000000020000a40                end = __end__
 *(.heap*)
 .heap          0x0000000020000a40      0x100 startup_nrf51.o
                0x0000000020000a40                __HeapBase
                0x0000000020000b40                __HeapLimit = .

.stack_dummy    0x0000000020000a40      0xc00
 *(.stack)
 .stack         0x0000000020000a40      0xc00 startup_nrf51.o
                0x0000000020004000                __StackTop = (ORIGIN (RAM) + 0x4000)
                0x0000000020003400                __StackLimit = (__StackTop - SIZEOF (.stack_dummy))
                0x0000000020004000                PROVIDE (__stack, __StackTop)
                0x0000000000000001                ASSERT ((__StackLimit >= __HeapLimit), region RAM overflowed with stack)
OUTPUT(main.elf elf32-littlearm)

.ARM.attributes
                0x0000000000000000       0x28
 .ARM.attributes
                0x0000000000000000       0x1e /usr/bin/../lib/gcc/arm-none-eabi/4.8.3/armv6-m/crti.o
 .ARM.attributes
                0x000000000000001e       0x2c /usr/bin/../lib/gcc/arm-none-eabi/4.8.3/armv6-m/crtbegin.o
 .ARM.attributes
                0x000000000000004a       0x1b /usr/bin/../lib/gcc/arm-none-eabi/4.8.3/../../../../arm-none-eabi/lib/armv6-m/crt0.o
 .ARM.attributes
                0x0000000000000065       0x31 system_nrf51.o
 .ARM.attributes
                0x0000000000000096       0x31 nrf_delay.o
 .ARM.attributes
                0x00000000000000c7       0x1b startup_nrf51.o
 .ARM.attributes
                0x00000000000000e2       0x31 gpio.o
 .ARM.attributes
                0x0000000000000113       0x31 radio.o
 .ARM.attributes
                0x0000000000000144       0x31 serial.o
 .ARM.attributes
                0x0000000000000175       0x31 main.o
 .ARM.attributes
                0x00000000000001a6       0x2c /usr/arm-none-eabi/lib/armv6-m/libc.a(lib_a-exit.o)
 .ARM.attributes
                0x00000000000001d2       0x2c /usr/arm-none-eabi/lib/armv6-m/libc.a(lib_a-impure.o)
 .ARM.attributes
                0x00000000000001fe       0x2c /usr/arm-none-eabi/lib/armv6-m/libc.a(lib_a-init.o)
 .ARM.attributes
                0x000000000000022a       0x2c /usr/arm-none-eabi/lib/armv6-m/libc.a(lib_a-memcpy-stub.o)
 .ARM.attributes
                0x0000000000000256       0x2c /usr/arm-none-eabi/lib/armv6-m/libc.a(lib_a-memset.o)
 .ARM.attributes
                0x0000000000000282       0x2c /usr/arm-none-eabi/lib/armv6-m/libc.a(lib_a-sprintf.o)
 .ARM.attributes
                0x00000000000002ae       0x2c /usr/arm-none-eabi/lib/armv6-m/libc.a(lib_a-strlen.o)
 .ARM.attributes
                0x00000000000002da       0x2c /usr/arm-none-eabi/lib/armv6-m/libc.a(lib_a-svfprintf.o)
 .ARM.attributes
                0x0000000000000306       0x2c /usr/arm-none-eabi/lib/armv6-m/libc.a(lib_a-__call_atexit.o)
 .ARM.attributes
                0x0000000000000332       0x2c /usr/arm-none-eabi/lib/armv6-m/libc.a(lib_a-atexit.o)
 .ARM.attributes
                0x000000000000035e       0x2c /usr/arm-none-eabi/lib/armv6-m/libc.a(lib_a-dtoa.o)
 .ARM.attributes
                0x000000000000038a       0x2c /usr/arm-none-eabi/lib/armv6-m/libc.a(lib_a-fini.o)
 .ARM.attributes
                0x00000000000003b6       0x2c /usr/arm-none-eabi/lib/armv6-m/libc.a(lib_a-locale.o)
 .ARM.attributes
                0x00000000000003e2       0x2c /usr/arm-none-eabi/lib/armv6-m/libc.a(lib_a-mallocr.o)
 .ARM.attributes
                0x000000000000040e       0x2c /usr/arm-none-eabi/lib/armv6-m/libc.a(lib_a-memchr-stub.o)
 .ARM.attributes
                0x000000000000043a       0x2c /usr/arm-none-eabi/lib/armv6-m/libc.a(lib_a-mlock.o)
 .ARM.attributes
                0x0000000000000466       0x2c /usr/arm-none-eabi/lib/armv6-m/libc.a(lib_a-mprec.o)
 .ARM.attributes
                0x0000000000000492       0x2c /usr/arm-none-eabi/lib/armv6-m/libc.a(lib_a-s_fpclassify.o)
 .ARM.attributes
                0x00000000000004be       0x2c /usr/arm-none-eabi/lib/armv6-m/libc.a(lib_a-sbrkr.o)
 .ARM.attributes
                0x00000000000004ea       0x1c /usr/arm-none-eabi/lib/armv6-m/libc.a(lib_a-strcmp.o)
 .ARM.attributes
                0x0000000000000506       0x2c /usr/arm-none-eabi/lib/armv6-m/libc.a(lib_a-svfiprintf.o)
 .ARM.attributes
                0x0000000000000532       0x2c /usr/arm-none-eabi/lib/armv6-m/libc.a(lib_a-__atexit.o)
 .ARM.attributes
                0x000000000000055e       0x2c /usr/arm-none-eabi/lib/armv6-m/libc.a(lib_a-callocr.o)
 .ARM.attributes
                0x000000000000058a       0x2c /usr/arm-none-eabi/lib/armv6-m/libc.a(lib_a-freer.o)
 .ARM.attributes
                0x00000000000005b6       0x2c /usr/arm-none-eabi/lib/armv6-m/libc.a(lib_a-memmove.o)
 .ARM.attributes
                0x00000000000005e2       0x2c /usr/arm-none-eabi/lib/armv6-m/libc.a(lib_a-reallocr.o)
 .ARM.attributes
                0x000000000000060e       0x2c /usr/arm-none-eabi/lib/armv6-m/libc.a(lib_a-reent.o)
 .ARM.attributes
                0x000000000000063a       0x1e /usr/bin/../lib/gcc/arm-none-eabi/4.8.3/armv6-m/libgcc.a(_udivsi3.o)
 .ARM.attributes
                0x0000000000000658       0x1e /usr/bin/../lib/gcc/arm-none-eabi/4.8.3/armv6-m/libgcc.a(_divsi3.o)
 .ARM.attributes
                0x0000000000000676       0x1e /usr/bin/../lib/gcc/arm-none-eabi/4.8.3/armv6-m/libgcc.a(_dvmd_tls.o)
 .ARM.attributes
                0x0000000000000694       0x1e /usr/bin/../lib/gcc/arm-none-eabi/4.8.3/armv6-m/libgcc.a(_arm_cmpdf2.o)
 .ARM.attributes
                0x00000000000006b2       0x1e /usr/bin/../lib/gcc/arm-none-eabi/4.8.3/armv6-m/libgcc.a(_aeabi_uldivmod.o)
 .ARM.attributes
                0x00000000000006d0       0x2c /usr/bin/../lib/gcc/arm-none-eabi/4.8.3/armv6-m/libgcc.a(bpabi.o)
 .ARM.attributes
                0x00000000000006fc       0x2c /usr/bin/../lib/gcc/arm-none-eabi/4.8.3/armv6-m/libgcc.a(adddf3.o)
 .ARM.attributes
                0x0000000000000728       0x2c /usr/bin/../lib/gcc/arm-none-eabi/4.8.3/armv6-m/libgcc.a(divdf3.o)
 .ARM.attributes
                0x0000000000000754       0x2c /usr/bin/../lib/gcc/arm-none-eabi/4.8.3/armv6-m/libgcc.a(eqdf2.o)
 .ARM.attributes
                0x0000000000000780       0x2c /usr/bin/../lib/gcc/arm-none-eabi/4.8.3/armv6-m/libgcc.a(gedf2.o)
 .ARM.attributes
                0x00000000000007ac       0x2c /usr/bin/../lib/gcc/arm-none-eabi/4.8.3/armv6-m/libgcc.a(ledf2.o)
 .ARM.attributes
                0x00000000000007d8       0x2c /usr/bin/../lib/gcc/arm-none-eabi/4.8.3/armv6-m/libgcc.a(muldf3.o)
 .ARM.attributes
                0x0000000000000804       0x2c /usr/bin/../lib/gcc/arm-none-eabi/4.8.3/armv6-m/libgcc.a(subdf3.o)
 .ARM.attributes
                0x0000000000000830       0x2c /usr/bin/../lib/gcc/arm-none-eabi/4.8.3/armv6-m/libgcc.a(fixdfsi.o)
 .ARM.attributes
                0x000000000000085c       0x2c /usr/bin/../lib/gcc/arm-none-eabi/4.8.3/armv6-m/libgcc.a(floatsidf.o)
 .ARM.attributes
                0x0000000000000888       0x2c /usr/bin/../lib/gcc/arm-none-eabi/4.8.3/armv6-m/libgcc.a(floatunsidf.o)
 .ARM.attributes
                0x00000000000008b4       0x1e /usr/bin/../lib/gcc/arm-none-eabi/4.8.3/armv6-m/libgcc.a(_clzsi2.o)
 .ARM.attributes
                0x00000000000008d2       0x2c /usr/bin/../lib/gcc/arm-none-eabi/4.8.3/armv6-m/libgcc.a(_muldi3.o)
 .ARM.attributes
                0x00000000000008fe       0x2c /usr/bin/../lib/gcc/arm-none-eabi/4.8.3/armv6-m/libgcc.a(_divdi3.o)
 .ARM.attributes
                0x000000000000092a       0x2c /usr/bin/../lib/gcc/arm-none-eabi/4.8.3/armv6-m/libgcc.a(_udivdi3.o)
 .ARM.attributes
                0x0000000000000956       0x2c /usr/bin/../lib/gcc/arm-none-eabi/4.8.3/armv6-m/crtend.o
 .ARM.attributes
                0x0000000000000982       0x1e /usr/bin/../lib/gcc/arm-none-eabi/4.8.3/armv6-m/crtn.o
 .ARM.attributes
                0x00000000000009a0       0x2c /usr/arm-none-eabi/lib/armv6-m/libnosys.a(sbrk.o)
 .ARM.attributes
                0x00000000000009cc       0x2c /usr/arm-none-eabi/lib/armv6-m/libnosys.a(_exit.o)

.comment        0x0000000000000000       0x70
 .comment       0x0000000000000000       0x70 system_nrf51.o
                                         0x71 (size before relaxing)
 .comment       0x0000000000000000       0x71 nrf_delay.o
 .comment       0x0000000000000000       0x71 gpio.o
 .comment       0x0000000000000000       0x71 radio.o
 .comment       0x0000000000000000       0x71 serial.o
 .comment       0x0000000000000000       0x71 main.o

.debug_frame    0x0000000000000000      0xbd0
 .debug_frame   0x0000000000000000       0x28 /usr/arm-none-eabi/lib/armv6-m/libc.a(lib_a-exit.o)
 .debug_frame   0x0000000000000028       0x2c /usr/arm-none-eabi/lib/armv6-m/libc.a(lib_a-init.o)
 .debug_frame   0x0000000000000054       0x30 /usr/arm-none-eabi/lib/armv6-m/libc.a(lib_a-memcpy-stub.o)
 .debug_frame   0x0000000000000084       0x30 /usr/arm-none-eabi/lib/armv6-m/libc.a(lib_a-memset.o)
 .debug_frame   0x00000000000000b4       0x4c /usr/arm-none-eabi/lib/armv6-m/libc.a(lib_a-sprintf.o)
 .debug_frame   0x0000000000000100       0x20 /usr/arm-none-eabi/lib/armv6-m/libc.a(lib_a-strlen.o)
 .debug_frame   0x0000000000000120       0x3c /usr/arm-none-eabi/lib/armv6-m/libc.a(lib_a-svfprintf.o)
 .debug_frame   0x000000000000015c       0x54 /usr/arm-none-eabi/lib/armv6-m/libc.a(lib_a-__call_atexit.o)
 .debug_frame   0x00000000000001b0       0x28 /usr/arm-none-eabi/lib/armv6-m/libc.a(lib_a-atexit.o)
 .debug_frame   0x00000000000001d8       0x68 /usr/arm-none-eabi/lib/armv6-m/libc.a(lib_a-dtoa.o)
 .debug_frame   0x0000000000000240       0x2c /usr/arm-none-eabi/lib/armv6-m/libc.a(lib_a-fini.o)
 .debug_frame   0x000000000000026c       0xa4 /usr/arm-none-eabi/lib/armv6-m/libc.a(lib_a-locale.o)
 .debug_frame   0x0000000000000310       0x3c /usr/arm-none-eabi/lib/armv6-m/libc.a(lib_a-mallocr.o)
 .debug_frame   0x000000000000034c       0x30 /usr/arm-none-eabi/lib/armv6-m/libc.a(lib_a-memchr-stub.o)
 .debug_frame   0x000000000000037c       0x30 /usr/arm-none-eabi/lib/armv6-m/libc.a(lib_a-mlock.o)
 .debug_frame   0x00000000000003ac      0x260 /usr/arm-none-eabi/lib/armv6-m/libc.a(lib_a-mprec.o)
 .debug_frame   0x000000000000060c       0x2c /usr/arm-none-eabi/lib/armv6-m/libc.a(lib_a-s_fpclassify.o)
 .debug_frame   0x0000000000000638       0x2c /usr/arm-none-eabi/lib/armv6-m/libc.a(lib_a-sbrkr.o)
 .debug_frame   0x0000000000000664       0x68 /usr/arm-none-eabi/lib/armv6-m/libc.a(lib_a-svfiprintf.o)
 .debug_frame   0x00000000000006cc       0x38 /usr/arm-none-eabi/lib/armv6-m/libc.a(lib_a-__atexit.o)
 .debug_frame   0x0000000000000704       0x28 /usr/arm-none-eabi/lib/armv6-m/libc.a(lib_a-callocr.o)
 .debug_frame   0x000000000000072c       0x54 /usr/arm-none-eabi/lib/armv6-m/libc.a(lib_a-freer.o)
 .debug_frame   0x0000000000000780       0x30 /usr/arm-none-eabi/lib/armv6-m/libc.a(lib_a-memmove.o)
 .debug_frame   0x00000000000007b0       0x3c /usr/arm-none-eabi/lib/armv6-m/libc.a(lib_a-reallocr.o)
 .debug_frame   0x00000000000007ec       0x48 /usr/arm-none-eabi/lib/armv6-m/libc.a(lib_a-reent.o)
 .debug_frame   0x0000000000000834       0x20 /usr/bin/../lib/gcc/arm-none-eabi/4.8.3/armv6-m/libgcc.a(_udivsi3.o)
 .debug_frame   0x0000000000000854       0x20 /usr/bin/../lib/gcc/arm-none-eabi/4.8.3/armv6-m/libgcc.a(_divsi3.o)
 .debug_frame   0x0000000000000874       0x50 /usr/bin/../lib/gcc/arm-none-eabi/4.8.3/armv6-m/libgcc.a(bpabi.o)
 .debug_frame   0x00000000000008c4       0x3c /usr/bin/../lib/gcc/arm-none-eabi/4.8.3/armv6-m/libgcc.a(adddf3.o)
 .debug_frame   0x0000000000000900       0x3c /usr/bin/../lib/gcc/arm-none-eabi/4.8.3/armv6-m/libgcc.a(divdf3.o)
 .debug_frame   0x000000000000093c       0x3c /usr/bin/../lib/gcc/arm-none-eabi/4.8.3/armv6-m/libgcc.a(eqdf2.o)
 .debug_frame   0x0000000000000978       0x38 /usr/bin/../lib/gcc/arm-none-eabi/4.8.3/armv6-m/libgcc.a(gedf2.o)
 .debug_frame   0x00000000000009b0       0x3c /usr/bin/../lib/gcc/arm-none-eabi/4.8.3/armv6-m/libgcc.a(ledf2.o)
 .debug_frame   0x00000000000009ec       0x3c /usr/bin/../lib/gcc/arm-none-eabi/4.8.3/armv6-m/libgcc.a(muldf3.o)
 .debug_frame   0x0000000000000a28       0x3c /usr/bin/../lib/gcc/arm-none-eabi/4.8.3/armv6-m/libgcc.a(subdf3.o)
 .debug_frame   0x0000000000000a64       0x2c /usr/bin/../lib/gcc/arm-none-eabi/4.8.3/armv6-m/libgcc.a(fixdfsi.o)
 .debug_frame   0x0000000000000a90       0x30 /usr/bin/../lib/gcc/arm-none-eabi/4.8.3/armv6-m/libgcc.a(floatsidf.o)
 .debug_frame   0x0000000000000ac0       0x28 /usr/bin/../lib/gcc/arm-none-eabi/4.8.3/armv6-m/libgcc.a(floatunsidf.o)
 .debug_frame   0x0000000000000ae8       0x30 /usr/bin/../lib/gcc/arm-none-eabi/4.8.3/armv6-m/libgcc.a(_muldi3.o)
 .debug_frame   0x0000000000000b18       0x3c /usr/bin/../lib/gcc/arm-none-eabi/4.8.3/armv6-m/libgcc.a(_divdi3.o)
 .debug_frame   0x0000000000000b54       0x3c /usr/bin/../lib/gcc/arm-none-eabi/4.8.3/armv6-m/libgcc.a(_udivdi3.o)
 .debug_frame   0x0000000000000b90       0x20 /usr/arm-none-eabi/lib/armv6-m/libnosys.a(sbrk.o)
 .debug_frame   0x0000000000000bb0       0x20 /usr/arm-none-eabi/lib/armv6-m/libnosys.a(_exit.o)
